@addresses_from "00050000-10101D00" // US v1.3.0 (v64)

// ParentMovementMgr
    _ZN17ParentMovementMgr12linkPivotal2ENS_23PivotalRotationSettingsE = 0x0284B7C8;
    _ZN17ParentMovementMgr11linkPivotalERKN4sead7Vector3IfEEjaS4_bbbb = 0x0284B824;

// RailPolyMgr
    _ZN11RailPolyMgr10initializeERN4sead7Vector2IfEEjbhjtf = 0x02977ED0;
    _ZN11RailPolyMgr12StateID_DropE = 0x1022BECC;
    _ZN11RailPolyMgr19StateID_RailMoveEndE = 0x1022BEAC;
    _ZN11RailPolyMgr16StateID_RailMoveE = 0x1022BE6C;

// SwitchFlagMgr
    _ZN13SwitchFlagMgr16condenseEventIdsEjj = 0x0269D654;

// RailPolyParentBase
    _ZN18RailPolyParentBaseC2ERK16ActorCreateParam = 0x0286BE94;
    _ZN18RailPolyParentBase6createEv = 0x0286C11C;
    _ZN18RailPolyParentBase7executeEv = 0x0286C268;
    _ZN18RailPolyParentBase9sTypeInfoE = 0x101EA840;
    _ZN18RailPolyParentBase25StateID_ControllerPassiveE = 0x1022739C;
    _ZN18RailPolyParentBase24StateID_ControllerActiveE = 0x1022737C;

// CenterRotationParentBase
    _ZN24CenterRotationParentBaseC2ERK16ActorCreateParam = 0x02722BF0;
    _ZN24CenterRotationParentBase6createEv = 0x02722D54;
    _ZN24CenterRotationParentBase7executeEv = 0x02722E30;
    _ZN24CenterRotationParentBase9sTypeInfoE = 0x101EB294;

// CenterSwingParentBase
    _ZN21CenterSwingParentBaseC2ERK16ActorCreateParam = 0x02724B8C;
    _ZN21CenterSwingParentBase6createEv = 0x02724C30;
    _ZN21CenterSwingParentBase7executeEv = 0x02724CA0;
    _ZN21CenterSwingParentBase9sTypeInfoE = 0x101EB2AC;

// ObjSpinBolt
    _ZN11ObjSpinBoltC2ERK16ActorCreateParam = 0x0283BF64;
    _ZN11ObjSpinBolt6createEv = 0x0283C24C;
    _ZN11ObjSpinBolt7executeEv = 0x0283C5B4;
    _ZN11ObjSpinBolt9sTypeInfoE = 0x101EB4B8; // not sure

// PairObjParentBase
    _ZN17PairObjParentBaseC2ERK16ActorCreateParam = 0x02847ABC;
    _ZN17PairObjParentBase6createEv = 0x02847D18;
    _ZN17PairObjParentBase7executeEv = 0x02847E40;
    _ZN17PairObjParentBase9sTypeInfoE = 0x101EB624;

// PairObjMgr
    _ZN10PairObjMgr20StateID_AcceleratingE = 0x10226D00;
    _ZN10PairObjMgr16StateID_Unknown2E = 0x10226D20;
    _ZN10PairObjMgr16StateID_Unknown3E = 0x10226D40;
    _ZN10PairObjMgr14StateID_StaticE = 0x10226D60;
    _ZN10PairObjMgr10initializeEj7DirType = 0x02858F00;

// LineMgr
    _ZN7LineMgrC1Ev = 0x0200DC14;
    _ZN7LineMgr4initERKN4sead7Vector2IfEEhfNS_4TypeEh = 0x0200DF60;
    _ZN7LineMgr13startLineMoveEb = 0x0200E178;
    _ZN7LineMgr12setBaseSpeedEf = 0x0200E0C0;
    _ZN7LineMgr12StateID_SideE = 0x101ECAEC;
    _Z13getLineUnitNoP7LineMgrff = 0x0200e0fc;
    _Z10change_dirP7LineMgr = 0x0200df44;
